 Homework_1

 Timestamp is 6052c0f7 (Wed Mar 17 19:54:47 2021)

 Preferred load address is 00400000

 Start         Length     Name                   Class
 0001:00000000 00010000H .textbss                DATA
 0002:00000000 00005ba2H .text$mn                CODE
 0003:00000000 00000104H .CRT$XCA                DATA
 0003:00000104 00000104H .CRT$XCAA               DATA
 0003:00000208 00000104H .CRT$XCZ                DATA
 0003:0000030c 00000104H .CRT$XIA                DATA
 0003:00000410 00000104H .CRT$XIAA               DATA
 0003:00000514 00000104H .CRT$XIAC               DATA
 0003:00000618 00000104H .CRT$XIZ                DATA
 0003:0000071c 00000104H .CRT$XPA                DATA
 0003:00000820 00000104H .CRT$XPZ                DATA
 0003:00000924 00000104H .CRT$XTA                DATA
 0003:00000a28 00000108H .CRT$XTZ                DATA
 0003:00000b30 00000c50H .rdata                  DATA
 0003:00001780 00000104H .rdata$CastGuardVftablesA DATA
 0003:00001884 00000104H .rdata$CastGuardVftablesC DATA
 0003:00001988 0000019cH .rdata$zzzdbg           DATA
 0003:00001b24 00000104H .rtc$IAA                DATA
 0003:00001c28 00000104H .rtc$IMZ                DATA
 0003:00001d2c 00000104H .rtc$IZZ                DATA
 0003:00001e30 00000104H .rtc$TAA                DATA
 0003:00001f34 00000104H .rtc$TMZ                DATA
 0003:00002038 00000108H .rtc$TZZ                DATA
 0003:00002140 00000169H .xdata$x                DATA
 0003:000022a9 00000000H .edata                  DATA
 0004:00000000 00000370H .data                   DATA
 0004:00000370 000006ccH .bss                    DATA
 0005:00000000 00000200H .idata$5                DATA
 0005:00000200 00000050H .idata$2                DATA
 0005:00000250 00000014H .idata$3                DATA
 0005:00000264 00000200H .idata$4                DATA
 0005:00000464 00000753H .idata$6                DATA
 0006:00000000 00000109H .00cfg                  DATA
 0007:00000000 000001c0H .rsrc$01                DATA
 0007:000001c0 00000396H .rsrc$02                DATA

  Address         Publics by Value              Rva+Base       Lib:Object

 0000:00000000       ___hybrid_code_map         00000000     <absolute>
 0000:00000000       ___hybrid_code_map_count   00000000     <absolute>
 0000:00000000       ___guard_longjmp_count     00000000     <absolute>
 0000:00000000       ___guard_fids_table        00000000     <absolute>
 0000:00000000       ___guard_eh_cont_table     00000000     <absolute>
 0000:00000000       ___arm64x_redirection_metadata 00000000     <absolute>
 0000:00000000       ___guard_iat_table         00000000     <absolute>
 0000:00000000       ___enclave_config          00000000     <absolute>
 0000:00000000       ___arm64x_extra_rfe_table  00000000     <absolute>
 0000:00000000       ___volatile_metadata       00000000     <absolute>
 0000:00000000       ___guard_fids_count        00000000     <absolute>
 0000:00000000       ___guard_longjmp_table     00000000     <absolute>
 0000:00000000       ___guard_iat_count         00000000     <absolute>
 0000:00000000       ___hybrid_auxiliary_iat    00000000     <absolute>
 0000:00000000       ___x64_code_ranges_to_entry_points 00000000     <absolute>
 0000:00000000       ___dynamic_value_reloc_table 00000000     <absolute>
 0000:00000000       ___safe_se_handler_table   00000000     <absolute>
 0000:00000000       ___guard_eh_cont_count     00000000     <absolute>
 0000:00000000       ___arm64x_extra_rfe_table_size 00000000     <absolute>
 0000:00000000       ___x64_code_ranges_to_entry_points_count 00000000     <absolute>
 0000:00000000       ___arm64x_native_entrypoint 00000000     <absolute>
 0000:00000000       ___safe_se_handler_count   00000000     <absolute>
 0000:00000000       ___AbsoluteZero            00000000     <absolute>
 0000:00000000       ___arm64x_redirection_metadata_count 00000000     <absolute>
 0000:00000100       ___guard_flags             00000100     <absolute>
 0000:00000000       ___ImageBase               00400000     <linker-defined>
 0001:00000000       __enc$textbss$begin        00401000     <linker-defined>
 0001:00010000       __enc$textbss$end          00411000     <linker-defined>
 0002:000007b0       _DlgProc@16                004117b0 f   framework.obj
 0002:00000990       _WinMain@16                00411990 f   framework.obj
 0002:000009f0       _getInput                  004119f0 f   framework.obj
 0002:00000ac0       _showOutput                00411ac0 f   framework.obj
 0002:00000d20       wtoaproc                   00411d20 f   io.obj
 0002:00000d8d       dtoaproc                   00411d8d f   io.obj
 0002:00000e08       atowproc                   00411e08 f   io.obj
 0002:00000e64       atodproc                   00411e64 f   io.obj
 0002:00000f26       _DialogBoxParamA@20        00411f26 f   user32:USER32.dll
 0002:00000f2c       _EndDialog@8               00411f2c f   user32:USER32.dll
 0002:00000f32       _GetDlgItem@8              00411f32 f   user32:USER32.dll
 0002:00000f38       _SetDlgItemTextA@12        00411f38 f   user32:USER32.dll
 0002:00000f3e       _GetDlgItemTextA@16        00411f3e f   user32:USER32.dll
 0002:00000f44       _GetWindowTextLengthA@4    00411f44 f   user32:USER32.dll
 0002:00000f4a       _MessageBoxA@16            00411f4a f   user32:USER32.dll
 0002:00000f50       ___raise_securityfailure   00411f50 f   MSVCRTD:gs_report.obj
 0002:00000f90       ___report_gsfailure        00411f90 f   MSVCRTD:gs_report.obj
 0002:000010e0       ___report_rangecheckfailure 004120e0 f   MSVCRTD:gs_report.obj
 0002:000010f0       ___report_securityfailure  004120f0 f   MSVCRTD:gs_report.obj
 0002:00001200       ___report_securityfailureEx 00412200 f   MSVCRTD:gs_report.obj
 0002:00001370       @_RTC_AllocaHelper@12      00412370 f   MSVCRTD:stack.obj
 0002:000013b0       @_RTC_CheckStackVars2@12   004123b0 f   MSVCRTD:stack.obj
 0002:000014c0       @_RTC_CheckStackVars@8     004124c0 f   MSVCRTD:stack.obj
 0002:00001530       __RTC_CheckEsp             00412530 f   MSVCRTD:stack.obj
 0002:00001570       __CRT_RTC_INIT             00412570 f   MSVCRTD:init.obj
 0002:00001580       __CRT_RTC_INITW            00412580 f   MSVCRTD:init.obj
 0002:00001590       __RTC_InitBase             00412590 f   MSVCRTD:init.obj
 0002:000015d0       __RTC_Shutdown             004125d0 f   MSVCRTD:init.obj
 0002:000019c0       ?configure_argv@__scrt_narrow_argv_policy@@SAHXZ 004129c0 f i MSVCRTD:exe_winmain.obj
 0002:000019e0       ?initialize_environment@__scrt_narrow_environment_policy@@SAHXZ 004129e0 f i MSVCRTD:exe_winmain.obj
 0002:00001a30       ?set_app_type@__scrt_winmain_policy@@SAXXZ 00412a30 f i MSVCRTD:exe_winmain.obj
 0002:00001a50       ?set_commode@__scrt_file_policy@@SAXXZ 00412a50 f i MSVCRTD:exe_winmain.obj
 0002:00001a70       ?set_fmode@__scrt_file_policy@@SAXXZ 00412a70 f i MSVCRTD:exe_winmain.obj
 0002:00001a90       _WinMainCRTStartup         00412a90 f   MSVCRTD:exe_winmain.obj
 0002:00001b50       ?_RTC_AllocaFailure@@YAXPAXPAU_RTC_ALLOCA_NODE@@H@Z 00412b50 f   MSVCRTD:error.obj
 0002:00001c70       ?_RTC_Failure@@YAXPAXH@Z   00412c70 f   MSVCRTD:error.obj
 0002:00001ce0       ?_RTC_StackFailure@@YAXPAXPBD@Z 00412ce0 f   MSVCRTD:error.obj
 0002:00002190       __RTC_UninitUse            00413190 f   MSVCRTD:error.obj
 0002:00002270       ___local_stdio_printf_options 00413270 f i MSVCRTD:error.obj
 0002:00002280       __vsprintf_s_l             00413280 f i MSVCRTD:error.obj
 0002:000022c0       _sprintf_s                 004132c0 f i MSVCRTD:error.obj
 0002:000022f0       ?_RTC_GetErrorFunc@@YAP6AHHPBDH00ZZPBX@Z 004132f0 f   MSVCRTD:userapi.obj
 0002:00002300       ?_RTC_GetErrorFuncW@@YAP6AHHPB_WH00ZZPBX@Z 00413300 f   MSVCRTD:userapi.obj
 0002:00002310       __RTC_GetErrDesc           00413310 f   MSVCRTD:userapi.obj
 0002:00002330       __RTC_NumErrors            00413330 f   MSVCRTD:userapi.obj
 0002:00002340       __RTC_SetErrorFunc         00413340 f   MSVCRTD:userapi.obj
 0002:00002370       __RTC_SetErrorFuncW        00413370 f   MSVCRTD:userapi.obj
 0002:000023a0       __RTC_SetErrorType         004133a0 f   MSVCRTD:userapi.obj
 0002:00002510       _NtCurrentTeb              00413510 f i MSVCRTD:utility.obj
 0002:00002520       ___scrt_acquire_startup_lock 00413520 f   MSVCRTD:utility.obj
 0002:00002580       ___scrt_dllmain_after_initialize_c 00413580 f   MSVCRTD:utility.obj
 0002:000025c0       ___scrt_dllmain_before_initialize_c 004135c0 f   MSVCRTD:utility.obj
 0002:000025f0       ___scrt_dllmain_crt_thread_attach 004135f0 f   MSVCRTD:utility.obj
 0002:00002630       ___scrt_dllmain_crt_thread_detach 00413630 f   MSVCRTD:utility.obj
 0002:00002650       ___scrt_dllmain_exception_filter 00413650 f   MSVCRTD:utility.obj
 0002:000026b0       ___scrt_dllmain_uninitialize_c 004136b0 f   MSVCRTD:utility.obj
 0002:000026f0       ___scrt_dllmain_uninitialize_critical 004136f0 f   MSVCRTD:utility.obj
 0002:00002710       ___scrt_initialize_crt     00413710 f   MSVCRTD:utility.obj
 0002:00002770       ___scrt_initialize_onexit_tables 00413770 f   MSVCRTD:utility.obj
 0002:00002880       ___scrt_is_nonwritable_in_current_image 00413880 f   MSVCRTD:utility.obj
 0002:00002a00       ___scrt_release_startup_lock 00413a00 f   MSVCRTD:utility.obj
 0002:00002a30       ___scrt_uninitialize_crt   00413a30 f   MSVCRTD:utility.obj
 0002:00002a80       __onexit                   00413a80 f   MSVCRTD:utility.obj
 0002:00002b00       _at_quick_exit             00413b00 f   MSVCRTD:utility.obj
 0002:00002b50       _atexit                    00413b50 f   MSVCRTD:utility.obj
 0002:00002c20       ___security_init_cookie    00413c20 f   MSVCRTD:gs_support.obj
 0002:00002cc0       __matherr                  00413cc0 f   MSVCRTD:matherr.obj
 0002:00002cd0       __get_startup_argv_mode    00413cd0 f   MSVCRTD:argv_mode.obj
 0002:00002ce0       __get_startup_commit_mode  00413ce0 f   MSVCRTD:commit_mode.obj
 0002:00002cf0       __get_startup_file_mode    00413cf0 f   MSVCRTD:file_mode.obj
 0002:00002d00       __get_startup_new_mode     00413d00 f   MSVCRTD:new_mode.obj
 0002:00002d10       __get_startup_thread_locale_mode 00413d10 f   MSVCRTD:thread_locale.obj
 0002:00002d20       ?__scrt_initialize_type_info@@YAXXZ 00413d20 f   MSVCRTD:tncleanup.obj
 0002:00002d40       ?__scrt_uninitialize_type_info@@YAXXZ 00413d40 f   MSVCRTD:tncleanup.obj
 0002:00002d60       __should_initialize_environment 00413d60 f   MSVCRTD:env_mode.obj
 0002:00002d70       __initialize_default_precision 00413d70 f   MSVCRTD:default_precision.obj
 0002:00002da0       __initialize_invalid_parameter_handler 00413da0 f   MSVCRTD:invalid_parameter_handler.obj
 0002:00002db0       __initialize_denormal_control 00413db0 f   MSVCRTD:denormal_control.obj
 0002:00002dc0       ___local_stdio_scanf_options 00413dc0 f i MSVCRTD:default_local_stdio_options.obj
 0002:00002dd0       ___scrt_initialize_default_local_stdio_options 00413dd0 f   MSVCRTD:default_local_stdio_options.obj
 0002:00002e20       ___scrt_is_user_matherr_present 00413e20 f   MSVCRTD:matherr_detection.obj
 0002:00002e50       ___scrt_get_dyn_tls_init_callback 00413e50 f   MSVCRTD:dyn_tls_init.obj
 0002:00002e60       ___scrt_get_dyn_tls_dtor_callback 00413e60 f   MSVCRTD:dyn_tls_dtor.obj
 0002:00002e70       ___scrt_fastfail           00413e70 f   MSVCRTD:utility_desktop.obj
 0002:00003000       ___scrt_get_show_window_mode 00414000 f   MSVCRTD:utility_desktop.obj
 0002:00003050       ___scrt_initialize_mta     00414050 f   MSVCRTD:utility_desktop.obj
 0002:00003060       ___scrt_initialize_winrt   00414060 f   MSVCRTD:utility_desktop.obj
 0002:00003070       ___scrt_is_managed_app     00414070 f   MSVCRTD:utility_desktop.obj
 0002:00003120       ___scrt_set_unhandled_exception_filter 00414120 f   MSVCRTD:utility_desktop.obj
 0002:00003140       ___scrt_stub_for_initialize_mta 00414140 f   MSVCRTD:utility_desktop.obj
 0002:00003140       ___scrt_exe_initialize_mta 00414140 f   MSVCRTD:utility_desktop.obj
 0002:00003150       ___scrt_unhandled_exception_filter@4 00414150 f   MSVCRTD:utility_desktop.obj
 0002:000031f0       __crt_debugger_hook        004141f0 f   MSVCRTD:utility_desktop.obj
 0002:00003210       __RTC_Initialize           00414210 f   MSVCRTD:initsect.obj
 0002:00003250       __RTC_Terminate            00414250 f   MSVCRTD:initsect.obj
 0002:00003290       __except_handler4          00414290 f   MSVCRTD:chandler4gs.obj
 0002:000032e0       @_guard_check_icall_nop@4  004142e0 f i MSVCRTD:guard_support.obj
 0002:000032f0       _ReadNoFence               004142f0 f i MSVCRTD:guard_support.obj
 0002:00003310       _ReadPointerNoFence        00414310 f i MSVCRTD:guard_support.obj
 0002:00003330       ___castguard_check_failure_debugbreak 00414330 f i MSVCRTD:guard_support.obj
 0002:00003350       ___castguard_check_failure_fastfail 00414350 f i MSVCRTD:guard_support.obj
 0002:00003380       ___castguard_check_failure_nop 00414380 f i MSVCRTD:guard_support.obj
 0002:00003390       ___castguard_check_failure_os_handled 00414390 f i MSVCRTD:guard_support.obj
 0002:00003430       ___castguard_slow_path_check_debugbreak 00414430 f i MSVCRTD:guard_support.obj
 0002:00003470       ___castguard_slow_path_check_fastfail 00414470 f i MSVCRTD:guard_support.obj
 0002:000034c0       ___castguard_slow_path_check_nop 004144c0 f i MSVCRTD:guard_support.obj
 0002:000034d0       ___castguard_slow_path_check_os_handled 004144d0 f i MSVCRTD:guard_support.obj
 0002:00003590       __guard_icall_checks_enforced 00414590 f i MSVCRTD:guard_support.obj
 0002:00003b60       ?_RTC_GetSrcLine@@YAHPAEPA_WKPAH1K@Z 00414b60 f   MSVCRTD:pdblkup.obj
 0002:00003fc0       @__security_check_cookie@4 00414fc0 f   MSVCRTD:secchk.obj
 0002:00003fe0       __except_handler4_noexcept 00414fe0 f   MSVCRTD:chandler4_noexcept.obj
 0002:00004060       ___isa_available_init      00415060 f   MSVCRTD:cpu_disp.obj
 0002:00004460       ___scrt_is_ucrt_dll_in_use 00415460 f   MSVCRTD:ucrt_detection.obj
 0002:0000448d       ___std_type_info_destroy_list 0041548d f   vcruntimed:VCRUNTIME140D.dll
 0002:00004493       ___current_exception       00415493 f   vcruntimed:VCRUNTIME140D.dll
 0002:00004499       ___current_exception_context 00415499 f   vcruntimed:VCRUNTIME140D.dll
 0002:0000449f       _memset                    0041549f f   vcruntimed:VCRUNTIME140D.dll
 0002:000044a5       __except_handler4_common   004154a5 f   vcruntimed:VCRUNTIME140D.dll
 0002:000044ab       ___vcrt_GetModuleFileNameW 004154ab f   vcruntimed:VCRUNTIME140D.dll
 0002:000044b1       ___vcrt_GetModuleHandleW   004154b1 f   vcruntimed:VCRUNTIME140D.dll
 0002:000044b7       ___vcrt_LoadLibraryExW     004154b7 f   vcruntimed:VCRUNTIME140D.dll
 0002:000044bd       _strcpy                    004154bd f   ucrtd:ucrtbased.dll
 0002:000044c3       __CrtDbgReport             004154c3 f   ucrtd:ucrtbased.dll
 0002:000044c9       __CrtDbgReportW            004154c9 f   ucrtd:ucrtbased.dll
 0002:000044cf       __seh_filter_exe           004154cf f   ucrtd:ucrtbased.dll
 0002:000044d5       __set_app_type             004154d5 f   ucrtd:ucrtbased.dll
 0002:000044db       ___setusermatherr          004154db f   ucrtd:ucrtbased.dll
 0002:000044e1       __configure_narrow_argv    004154e1 f   ucrtd:ucrtbased.dll
 0002:000044e7       __initialize_narrow_environment 004154e7 f   ucrtd:ucrtbased.dll
 0002:000044ed       __get_narrow_winmain_command_line 004154ed f   ucrtd:ucrtbased.dll
 0002:000044f3       __initterm                 004154f3 f   ucrtd:ucrtbased.dll
 0002:000044f9       __initterm_e               004154f9 f   ucrtd:ucrtbased.dll
 0002:000044ff       _exit                      004154ff f   ucrtd:ucrtbased.dll
 0002:00004505       __exit                     00415505 f   ucrtd:ucrtbased.dll
 0002:0000450b       __set_fmode                0041550b f   ucrtd:ucrtbased.dll
 0002:00004511       __cexit                    00415511 f   ucrtd:ucrtbased.dll
 0002:00004517       __c_exit                   00415517 f   ucrtd:ucrtbased.dll
 0002:0000451d       __register_thread_local_exe_atexit_callback 0041551d f   ucrtd:ucrtbased.dll
 0002:00004523       __configthreadlocale       00415523 f   ucrtd:ucrtbased.dll
 0002:00004529       __set_new_mode             00415529 f   ucrtd:ucrtbased.dll
 0002:0000452f       ___p__commode              0041552f f   ucrtd:ucrtbased.dll
 0002:00004535       _strcpy_s                  00415535 f   ucrtd:ucrtbased.dll
 0002:0000453b       _strcat_s                  0041553b f   ucrtd:ucrtbased.dll
 0002:00004541       ___stdio_common_vsprintf_s 00415541 f   ucrtd:ucrtbased.dll
 0002:00004547       __seh_filter_dll           00415547 f   ucrtd:ucrtbased.dll
 0002:0000454d       __initialize_onexit_table  0041554d f   ucrtd:ucrtbased.dll
 0002:00004553       __register_onexit_function 00415553 f   ucrtd:ucrtbased.dll
 0002:00004559       __execute_onexit_table     00415559 f   ucrtd:ucrtbased.dll
 0002:0000455f       __crt_atexit               0041555f f   ucrtd:ucrtbased.dll
 0002:00004565       __crt_at_quick_exit        00415565 f   ucrtd:ucrtbased.dll
 0002:0000456b       __controlfp_s              0041556b f   ucrtd:ucrtbased.dll
 0002:00004571       _terminate                 00415571 f   ucrtd:ucrtbased.dll
 0002:00004577       __wmakepath_s              00415577 f   ucrtd:ucrtbased.dll
 0002:0000457d       __wsplitpath_s             0041557d f   ucrtd:ucrtbased.dll
 0002:00004583       _wcscpy_s                  00415583 f   ucrtd:ucrtbased.dll
 0002:00004589       _UnhandledExceptionFilter@4 00415589 f   kernel32:KERNEL32.dll
 0002:0000458f       _SetUnhandledExceptionFilter@4 0041558f f   kernel32:KERNEL32.dll
 0002:00004595       _GetCurrentProcess@0       00415595 f   kernel32:KERNEL32.dll
 0002:0000459b       _TerminateProcess@8        0041559b f   kernel32:KERNEL32.dll
 0002:000045a1       _IsProcessorFeaturePresent@4 004155a1 f   kernel32:KERNEL32.dll
 0002:000045a7       _IsDebuggerPresent@0       004155a7 f   kernel32:KERNEL32.dll
 0002:000045ad       _RaiseException@16         004155ad f   kernel32:KERNEL32.dll
 0002:000045b3       _MultiByteToWideChar@24    004155b3 f   kernel32:KERNEL32.dll
 0002:000045b9       _WideCharToMultiByte@32    004155b9 f   kernel32:KERNEL32.dll
 0002:000045bf       _QueryPerformanceCounter@4 004155bf f   kernel32:KERNEL32.dll
 0002:000045c5       _GetCurrentProcessId@0     004155c5 f   kernel32:KERNEL32.dll
 0002:000045cb       _GetCurrentThreadId@0      004155cb f   kernel32:KERNEL32.dll
 0002:000045d1       _GetSystemTimeAsFileTime@4 004155d1 f   kernel32:KERNEL32.dll
 0002:000045d7       _InitializeSListHead@4     004155d7 f   kernel32:KERNEL32.dll
 0002:000045dd       _GetStartupInfoW@4         004155dd f   kernel32:KERNEL32.dll
 0002:000045e3       _GetModuleHandleW@4        004155e3 f   kernel32:KERNEL32.dll
 0002:000045e9       _GetLastError@0            004155e9 f   kernel32:KERNEL32.dll
 0002:000045ef       _HeapAlloc@12              004155ef f   kernel32:KERNEL32.dll
 0002:000045f5       _HeapFree@12               004155f5 f   kernel32:KERNEL32.dll
 0002:000045fb       _GetProcessHeap@0          004155fb f   kernel32:KERNEL32.dll
 0002:00004601       _VirtualQuery@12           00415601 f   kernel32:KERNEL32.dll
 0002:00004607       _FreeLibrary@4             00415607 f   kernel32:KERNEL32.dll
 0002:0000460d       _GetProcAddress@8          0041560d f   kernel32:KERNEL32.dll
 0002:00004620       ___vcrt_initialize         00415620 f   MSVCRTD:ucrt_stubs.obj
 0002:00004620       ___acrt_initialize         00415620 f   MSVCRTD:ucrt_stubs.obj
 0002:00004620       ___scrt_stub_for_acrt_initialize 00415620 f   MSVCRTD:ucrt_stubs.obj
 0002:00004630       ___scrt_stub_for_acrt_thread_attach 00415630 f   MSVCRTD:ucrt_stubs.obj
 0002:00004630       ___acrt_thread_attach      00415630 f   MSVCRTD:ucrt_stubs.obj
 0002:00004630       ___vcrt_thread_attach      00415630 f   MSVCRTD:ucrt_stubs.obj
 0002:00004640       ___acrt_thread_detach      00415640 f   MSVCRTD:ucrt_stubs.obj
 0002:00004640       ___vcrt_thread_detach      00415640 f   MSVCRTD:ucrt_stubs.obj
 0002:00004640       ___scrt_stub_for_acrt_thread_detach 00415640 f   MSVCRTD:ucrt_stubs.obj
 0002:00004650       ___vcrt_uninitialize       00415650 f   MSVCRTD:ucrt_stubs.obj
 0002:00004650       ___acrt_uninitialize       00415650 f   MSVCRTD:ucrt_stubs.obj
 0002:00004650       ___scrt_stub_for_acrt_uninitialize 00415650 f   MSVCRTD:ucrt_stubs.obj
 0002:00004660       ___acrt_uninitialize_critical 00415660 f   MSVCRTD:ucrt_stubs.obj
 0002:00004660       ___scrt_stub_for_acrt_uninitialize_critical 00415660 f   MSVCRTD:ucrt_stubs.obj
 0002:00004660       ___vcrt_uninitialize_critical 00415660 f   MSVCRTD:ucrt_stubs.obj
 0002:00004670       __is_c_termination_complete 00415670 f   MSVCRTD:ucrt_stubs.obj
 0002:00004670       ___scrt_stub_for_is_c_termination_complete 00415670 f   MSVCRTD:ucrt_stubs.obj
 0002:00004680       __filter_x86_sse2_floating_point_exception_default 00415680 f   MSVCRTD:x86_exception_filter.obj
 0002:00004680       __filter_x86_sse2_floating_point_exception 00415680 f   MSVCRTD:x86_exception_filter.obj
 0002:000047c0       _MainProc                  004157c0 f   IOExample.obj
 0003:00000000       ___xc_a                    00417000     MSVCRTD:initializers.obj
 0003:00000208       ___xc_z                    00417208     MSVCRTD:initializers.obj
 0003:0000030c       ___xi_a                    0041730c     MSVCRTD:initializers.obj
 0003:00000618       ___xi_z                    00417618     MSVCRTD:initializers.obj
 0003:0000071c       ___xp_a                    0041771c     MSVCRTD:initializers.obj
 0003:00000820       ___xp_z                    00417820     MSVCRTD:initializers.obj
 0003:00000924       ___xt_a                    00417924     MSVCRTD:initializers.obj
 0003:00000a28       ___xt_z                    00417a28     MSVCRTD:initializers.obj
 0003:00000b30       ??_C@_00CNPNBAHC@@         00417b30     framework.obj
 0003:00000b34       ??_C@_07KGMMFLDN@Warning@  00417b34     framework.obj
 0003:00000b40       ??_C@_0BA@KGPGJABH@Nothing?5entered@ 00417b40     framework.obj
 0003:00000c20       ??_C@_0NN@JMPELKLB@The?5value?5of?5ESP?5was?5not?5proper@ 00417c20     MSVCRTD:error.obj
 0003:00000d30       ??_C@_0BBN@ELNNILBE@A?5cast?5to?5a?5smaller?5data?5type?5h@ 00417d30     MSVCRTD:error.obj
 0003:00000e88       ??_C@_0BN@BPOGFMJL@Stack?5memory?5was?5corrupted?$AN?6@ 00417e88     MSVCRTD:error.obj
 0003:00000eac       ??_C@_0DG@DAJCDLPN@A?5local?5variable?5was?5used?5befor@ 00417eac     MSVCRTD:error.obj
 0003:00000eec       ??_C@_0CM@JMIDGKLA@Stack?5memory?5around?5_alloca?5was@ 00417eec     MSVCRTD:error.obj
 0003:00000f20       ??_C@_0BO@CHIONIOI@Unknown?5Runtime?5Check?5Error?$AN?6@ 00417f20     MSVCRTD:error.obj
 0003:00000f48       ??_C@_1GM@CNOOJIHC@?$AAR?$AAu?$AAn?$AAt?$AAi?$AAm?$AAe?$AA?5?$AAC?$AAh?$AAe?$AAc?$AAk?$AA?5?$AAE@ 00417f48     MSVCRTD:error.obj
 0003:00000fd0       ??_C@_1EA@NFKNIFJP@?$AAR?$AAu?$AAn?$AA?9?$AAT?$AAi?$AAm?$AAe?$AA?5?$AAC?$AAh?$AAe?$AAc?$AAk?$AA?5@ 00417fd0     MSVCRTD:error.obj
 0003:0000101c       ??_C@_0BB@PFFGGCJP@Unknown?5Filename@ 0041801c     MSVCRTD:error.obj
 0003:00001030       ??_C@_0BE@GNBOBNCK@Unknown?5Module?5Name@ 00418030     MSVCRTD:error.obj
 0003:00001048       ??_C@_0CA@IODNCDPG@Run?9Time?5Check?5Failure?5?$CD?$CFd?5?9?5?$CFs@ 00418048     MSVCRTD:error.obj
 0003:00001070       ??_C@_0CG@IAFNJNEE@Stack?5corrupted?5near?5unknown?5va@ 00418070     MSVCRTD:error.obj
 0003:000010a0       ??_C@_05MKKEDADM@?$CF?42X?5@ 004180a0     MSVCRTD:error.obj
 0003:000010a8       ??_C@_0EJ@LJKNEOLN@Stack?5area?5around?5_alloca?5memor@ 004180a8     MSVCRTD:error.obj
 0003:00001100       ??_C@_01EEMJAFIK@?6@       00418100     MSVCRTD:error.obj
 0003:00001104       ??_C@_02LLMPMKNF@?$DO?5@   00418104     MSVCRTD:error.obj
 0003:00001108       ??_C@_08OMAHNMHJ@?6Data?3?5?$DM@ 00418108     MSVCRTD:error.obj
 0003:00001114       ??_C@_0CK@DKGBICFE@?6Allocation?5number?5within?5this?5@ 00418114     MSVCRTD:error.obj
 0003:00001148       ??_C@_07DFDJCKFN@?6Size?3?5@ 00418148     MSVCRTD:error.obj
 0003:00001154       ??_C@_0N@MHFFIMFG@?6Address?3?50x@ 00418154     MSVCRTD:error.obj
 0003:00001168       ??_C@_0EI@CLEPFNGI@Stack?5area?5around?5_alloca?5memor@ 00418168     MSVCRTD:error.obj
 0003:000011c0       ??_C@_0BK@ODNDAGKB@?$CFs?$CFs?$CFp?$CFs?$CFzd?$CFs?$CFd?$CFs?$CFs?$CFs?$CFs?$CFs@ 004181c0     MSVCRTD:error.obj
 0003:000011e0       ??_C@_0DE@OHJBPMBP@A?5variable?5is?5being?5used?5withou@ 004181e0     MSVCRTD:error.obj
 0003:00001238       ??_C@_0BJ@HEGAHDFO@Stack?5pointer?5corruption@ 00418238     MSVCRTD:userapi.obj
 0003:00001258       ??_C@_0CK@FEGOIOPB@Cast?5to?5smaller?5type?5causing?5lo@ 00418258     MSVCRTD:userapi.obj
 0003:0000128c       ??_C@_0BI@CIGMDCBH@Stack?5memory?5corruption@ 0041828c     MSVCRTD:userapi.obj
 0003:000012a8       ??_C@_0CK@CNLNOEPB@Local?5variable?5used?5before?5init@ 004182a8     MSVCRTD:userapi.obj
 0003:000012dc       ??_C@_0BP@OGBCLIBO@Stack?5around?5_alloca?5corrupted@ 004182dc     MSVCRTD:userapi.obj
 0003:00001360       ??_C@_1EI@MLPKHBGE@?$AAa?$AAp?$AAi?$AA?9?$AAm?$AAs?$AA?9?$AAw?$AAi?$AAn?$AA?9?$AAc?$AAo?$AAr?$AAe@ 00418360     MSVCRTD:pdblkup.obj
 0003:000013b8       ??_C@_1BK@JHLNAEJL@?$AAa?$AAd?$AAv?$AAa?$AAp?$AAi?$AA3?$AA2?$AA?4?$AAd?$AAl?$AAl@ 004183b8     MSVCRTD:pdblkup.obj
 0003:000013d8       ??_C@_0O@COHOBMLB@RegOpenKeyExW@ 004183d8     MSVCRTD:pdblkup.obj
 0003:000013e8       ??_C@_0BB@GLNAEDBD@RegQueryValueExW@ 004183e8     MSVCRTD:pdblkup.obj
 0003:000013fc       ??_C@_0M@HLOHPNFA@RegCloseKey@ 004183fc     MSVCRTD:pdblkup.obj
 0003:00001410       ??_C@_1HE@EBEAGLFB@?$AAS?$AAO?$AAF?$AAT?$AAW?$AAA?$AAR?$AAE?$AA?2?$AAW?$AAo?$AAw?$AA6?$AA4?$AA3@ 00418410     MSVCRTD:pdblkup.obj
 0003:0000149c       ??_C@_1BG@EABPBLLF@?$AAP?$AAr?$AAo?$AAd?$AAu?$AAc?$AAt?$AAD?$AAi?$AAr@ 0041849c     MSVCRTD:pdblkup.obj
 0003:000014dc       ??_C@_1BC@JINFINNJ@?$AAM?$AAS?$AAP?$AAD?$AAB?$AA1?$AA4?$AA0@ 004184dc     MSVCRTD:pdblkup.obj
 0003:000014f4       ??_C@_0BB@KCIACLNC@PDBOpenValidate5@ 004184f4     MSVCRTD:pdblkup.obj
 0003:00001508       ??_C@_01KDCPPGHE@r@        00418508     MSVCRTD:pdblkup.obj
 0003:00001548       __load_config_used         00418548     MSVCRTD:loadcfg.obj
 0003:00001780       ___CastGuardVftablesStart  00418780     MSVCRTD:guard_support.obj
 0003:00001884       ___CastGuardVftablesEnd    00418884     MSVCRTD:guard_support.obj
 0003:00001b24       ___rtc_iaa                 00418b24     MSVCRTD:initsect.obj
 0003:00001d2c       ___rtc_izz                 00418d2c     MSVCRTD:initsect.obj
 0003:00001e30       ___rtc_taa                 00418e30     MSVCRTD:initsect.obj
 0003:00002038       ___rtc_tzz                 00419038     MSVCRTD:initsect.obj
 0004:00000230       ___security_cookie_complement 0041a230     MSVCRTD:gs_cookie.obj
 0004:00000234       ___security_cookie         0041a234     MSVCRTD:gs_cookie.obj
 0004:0000023c       ?_RTC_ErrorLevels@@3PAHA   0041a23c     MSVCRTD:error.obj
 0004:00000254       ___scrt_native_dllmain_reason 0041a254     MSVCRTD:utility.obj
 0004:00000258       ___scrt_default_matherr    0041a258     MSVCRTD:matherr.obj
 0004:0000025c       ___isa_enabled             0041a25c     MSVCRTD:cpu_disp.obj
 0004:00000260       ___scrt_ucrt_dll_is_in_use 0041a260     MSVCRTD:ucrt_stubs.obj
 0004:00000998       ?_OptionsStorage@?1??__local_stdio_printf_options@@9@4_KA 0041a998     MSVCRTD:error.obj
 0004:000009b0       ___scrt_current_native_startup_state 0041a9b0     MSVCRTD:utility.obj
 0004:000009b4       ___scrt_native_startup_lock 0041a9b4     MSVCRTD:utility.obj
 0004:000009e0       ?__type_info_root_node@@3U__type_info_node@@A 0041a9e0     MSVCRTD:tncleanup.obj
 0004:000009f0       ?_OptionsStorage@?1??__local_stdio_scanf_options@@9@4_KA 0041a9f0     MSVCRTD:default_local_stdio_options.obj
 0004:000009fc       ___scrt_debugger_hook_flag 0041a9fc     MSVCRTD:utility_desktop.obj
 0004:00000a00       ___castguard_check_failure_os_handled_fptr 0041aa00     MSVCRTD:guard_support.obj
 0004:00000a0c       ___isa_available           0041aa0c     MSVCRTD:cpu_disp.obj
 0004:00000a10       ___favor                   0041aa10     MSVCRTD:cpu_disp.obj
 0004:00000a18       __hInstance                0041aa18     <common>
 0004:00000a24       ___dyn_tls_dtor_callback   0041aa24     <common>
 0004:00000a30       ___dyn_tls_init_callback   0041aa30     <common>
 0005:00000000       __imp__GetStartupInfoW@4   0041b000     kernel32:KERNEL32.dll
 0005:00000004       __imp__SetUnhandledExceptionFilter@4 0041b004     kernel32:KERNEL32.dll
 0005:00000008       __imp__GetCurrentProcess@0 0041b008     kernel32:KERNEL32.dll
 0005:0000000c       __imp__TerminateProcess@8  0041b00c     kernel32:KERNEL32.dll
 0005:00000010       __imp__IsProcessorFeaturePresent@4 0041b010     kernel32:KERNEL32.dll
 0005:00000014       __imp__IsDebuggerPresent@0 0041b014     kernel32:KERNEL32.dll
 0005:00000018       __imp__RaiseException@16   0041b018     kernel32:KERNEL32.dll
 0005:0000001c       __imp__GetProcAddress@8    0041b01c     kernel32:KERNEL32.dll
 0005:00000020       __imp__FreeLibrary@4       0041b020     kernel32:KERNEL32.dll
 0005:00000024       __imp__VirtualQuery@12     0041b024     kernel32:KERNEL32.dll
 0005:00000028       __imp__GetProcessHeap@0    0041b028     kernel32:KERNEL32.dll
 0005:0000002c       __imp__HeapFree@12         0041b02c     kernel32:KERNEL32.dll
 0005:00000030       __imp__HeapAlloc@12        0041b030     kernel32:KERNEL32.dll
 0005:00000034       __imp__GetLastError@0      0041b034     kernel32:KERNEL32.dll
 0005:00000038       __imp__GetModuleHandleW@4  0041b038     kernel32:KERNEL32.dll
 0005:0000003c       __imp__UnhandledExceptionFilter@4 0041b03c     kernel32:KERNEL32.dll
 0005:00000040       __imp__InitializeSListHead@4 0041b040     kernel32:KERNEL32.dll
 0005:00000044       __imp__GetSystemTimeAsFileTime@4 0041b044     kernel32:KERNEL32.dll
 0005:00000048       __imp__GetCurrentThreadId@0 0041b048     kernel32:KERNEL32.dll
 0005:0000004c       __imp__GetCurrentProcessId@0 0041b04c     kernel32:KERNEL32.dll
 0005:00000050       __imp__QueryPerformanceCounter@4 0041b050     kernel32:KERNEL32.dll
 0005:00000054       __imp__WideCharToMultiByte@32 0041b054     kernel32:KERNEL32.dll
 0005:00000058       __imp__MultiByteToWideChar@24 0041b058     kernel32:KERNEL32.dll
 0005:0000005c       \177KERNEL32_NULL_THUNK_DATA 0041b05c     kernel32:KERNEL32.dll
 0005:00000098       __imp__GetDlgItemTextA@16  0041b098     user32:USER32.dll
 0005:0000009c       __imp__SetDlgItemTextA@12  0041b09c     user32:USER32.dll
 0005:000000a0       __imp__GetDlgItem@8        0041b0a0     user32:USER32.dll
 0005:000000a4       __imp__EndDialog@8         0041b0a4     user32:USER32.dll
 0005:000000a8       __imp__GetWindowTextLengthA@4 0041b0a8     user32:USER32.dll
 0005:000000ac       __imp__MessageBoxA@16      0041b0ac     user32:USER32.dll
 0005:000000b0       __imp__DialogBoxParamA@20  0041b0b0     user32:USER32.dll
 0005:000000b4       \177USER32_NULL_THUNK_DATA 0041b0b4     user32:USER32.dll
 0005:000000e4       __imp____current_exception_context 0041b0e4     vcruntimed:VCRUNTIME140D.dll
 0005:000000e8       __imp__memset              0041b0e8     vcruntimed:VCRUNTIME140D.dll
 0005:000000ec       __imp___except_handler4_common 0041b0ec     vcruntimed:VCRUNTIME140D.dll
 0005:000000f0       __imp____vcrt_GetModuleFileNameW 0041b0f0     vcruntimed:VCRUNTIME140D.dll
 0005:000000f4       __imp____vcrt_GetModuleHandleW 0041b0f4     vcruntimed:VCRUNTIME140D.dll
 0005:000000f8       __imp____vcrt_LoadLibraryExW 0041b0f8     vcruntimed:VCRUNTIME140D.dll
 0005:000000fc       __imp____current_exception 0041b0fc     vcruntimed:VCRUNTIME140D.dll
 0005:00000100       __imp____std_type_info_destroy_list 0041b100     vcruntimed:VCRUNTIME140D.dll
 0005:00000104       \177VCRUNTIME140D_NULL_THUNK_DATA 0041b104     vcruntimed:VCRUNTIME140D.dll
 0005:00000134       __imp___initialize_onexit_table 0041b134     ucrtd:ucrtbased.dll
 0005:00000138       __imp___register_onexit_function 0041b138     ucrtd:ucrtbased.dll
 0005:0000013c       __imp___execute_onexit_table 0041b13c     ucrtd:ucrtbased.dll
 0005:00000140       __imp___crt_atexit         0041b140     ucrtd:ucrtbased.dll
 0005:00000144       __imp___crt_at_quick_exit  0041b144     ucrtd:ucrtbased.dll
 0005:00000148       __imp___controlfp_s        0041b148     ucrtd:ucrtbased.dll
 0005:0000014c       __imp__terminate           0041b14c     ucrtd:ucrtbased.dll
 0005:00000150       __imp___wmakepath_s        0041b150     ucrtd:ucrtbased.dll
 0005:00000154       __imp___wsplitpath_s       0041b154     ucrtd:ucrtbased.dll
 0005:00000158       __imp__wcscpy_s            0041b158     ucrtd:ucrtbased.dll
 0005:0000015c       __imp____stdio_common_vsprintf_s 0041b15c     ucrtd:ucrtbased.dll
 0005:00000160       __imp___set_fmode          0041b160     ucrtd:ucrtbased.dll
 0005:00000164       __imp__exit                0041b164     ucrtd:ucrtbased.dll
 0005:00000168       __imp___initterm_e         0041b168     ucrtd:ucrtbased.dll
 0005:0000016c       __imp___initterm           0041b16c     ucrtd:ucrtbased.dll
 0005:00000170       __imp___get_narrow_winmain_command_line 0041b170     ucrtd:ucrtbased.dll
 0005:00000174       __imp___initialize_narrow_environment 0041b174     ucrtd:ucrtbased.dll
 0005:00000178       __imp___configure_narrow_argv 0041b178     ucrtd:ucrtbased.dll
 0005:0000017c       __imp____setusermatherr    0041b17c     ucrtd:ucrtbased.dll
 0005:00000180       __imp___set_app_type       0041b180     ucrtd:ucrtbased.dll
 0005:00000184       __imp___seh_filter_exe     0041b184     ucrtd:ucrtbased.dll
 0005:00000188       __imp___CrtDbgReportW      0041b188     ucrtd:ucrtbased.dll
 0005:0000018c       __imp___CrtDbgReport       0041b18c     ucrtd:ucrtbased.dll
 0005:00000190       __imp__strcpy              0041b190     ucrtd:ucrtbased.dll
 0005:00000194       __imp___seh_filter_dll     0041b194     ucrtd:ucrtbased.dll
 0005:00000198       __imp__strcpy_s            0041b198     ucrtd:ucrtbased.dll
 0005:0000019c       __imp____p__commode        0041b19c     ucrtd:ucrtbased.dll
 0005:000001a0       __imp___set_new_mode       0041b1a0     ucrtd:ucrtbased.dll
 0005:000001a4       __imp___configthreadlocale 0041b1a4     ucrtd:ucrtbased.dll
 0005:000001a8       __imp___register_thread_local_exe_atexit_callback 0041b1a8     ucrtd:ucrtbased.dll
 0005:000001ac       __imp___c_exit             0041b1ac     ucrtd:ucrtbased.dll
 0005:000001b0       __imp___exit               0041b1b0     ucrtd:ucrtbased.dll
 0005:000001b4       __imp___cexit              0041b1b4     ucrtd:ucrtbased.dll
 0005:000001b8       __imp__strcat_s            0041b1b8     ucrtd:ucrtbased.dll
 0005:000001bc       \177ucrtbased_NULL_THUNK_DATA 0041b1bc     ucrtd:ucrtbased.dll
 0005:00000200       __IMPORT_DESCRIPTOR_USER32 0041b200     user32:USER32.dll
 0005:00000214       __IMPORT_DESCRIPTOR_VCRUNTIME140D 0041b214     vcruntimed:VCRUNTIME140D.dll
 0005:00000228       __IMPORT_DESCRIPTOR_ucrtbased 0041b228     ucrtd:ucrtbased.dll
 0005:0000023c       __IMPORT_DESCRIPTOR_KERNEL32 0041b23c     kernel32:KERNEL32.dll
 0005:00000250       __NULL_IMPORT_DESCRIPTOR   0041b250     user32:USER32.dll
 0006:00000000       ___guard_check_icall_fptr  0041c000     MSVCRTD:guard_support.obj
 0006:00000004       ___guard_xfg_check_icall_fptr 0041c004     MSVCRTD:guard_support.obj

 entry point at        0002:0000000a

 Static symbols

 0000:fffe4000       __guard_fids___except_handler4 00400000     MSVCRTD:chandler4gs.obj
 0000:fffe4000       __guard_fids_?pre_c_initialization@@YAHXZ 00400000     MSVCRTD:exe_winmain.obj
 0000:fffe4000       __guard_fids__             00400000     MSVCRTD:exe_winmain.obj
 0000:fffe4000       __guard_fids__             00400000     MSVCRTD:guard_support.obj
 0000:fffe4000       __guard_fids__             00400000     MSVCRTD:guard_support.obj
 0000:fffe4000       __guard_fids___guard_icall_checks_enforced 00400000     MSVCRTD:guard_support.obj
 0000:fffe4000       __guard_fids___CRT_RTC_INIT 00400000     MSVCRTD:init.obj
 0000:fffe4000       __guard_fids___CRT_RTC_INITW 00400000     MSVCRTD:init.obj
 0000:fffe4000       __guard_fids____scrt_set_unhandled_exception_filter 00400000     MSVCRTD:utility_desktop.obj
 0000:fffe2000       .debug$S                   00400000     vcruntimed:VCRUNTIME140D.dll
 0000:fffe2000       .debug$S                   00400000     vcruntimed:VCRUNTIME140D.dll
 0000:fffe2000       .debug$S                   00400000     vcruntimed:VCRUNTIME140D.dll
 0000:fffe2000       .debug$S                   00400000     vcruntimed:VCRUNTIME140D.dll
 0000:fffe2000       .debug$S                   00400000     vcruntimed:VCRUNTIME140D.dll
 0000:fffe2000       .debug$S                   00400000     vcruntimed:VCRUNTIME140D.dll
 0000:fffe2000       .debug$S                   00400000     vcruntimed:VCRUNTIME140D.dll
 0000:fffe2000       .debug$S                   00400000     vcruntimed:VCRUNTIME140D.dll
 0000:fffe2000       .debug$S                   00400000     ucrtd:ucrtbased.dll
 0000:fffe2000       .debug$S                   00400000     ucrtd:ucrtbased.dll
 0000:fffe2000       .debug$S                   00400000     ucrtd:ucrtbased.dll
 0000:fffe2000       .debug$S                   00400000     ucrtd:ucrtbased.dll
 0000:fffe2000       .debug$S                   00400000     ucrtd:ucrtbased.dll
 0000:fffe2000       .debug$S                   00400000     ucrtd:ucrtbased.dll
 0000:fffe2000       .debug$S                   00400000     ucrtd:ucrtbased.dll
 0000:fffe2000       .debug$S                   00400000     ucrtd:ucrtbased.dll
 0000:fffe2000       .debug$S                   00400000     ucrtd:ucrtbased.dll
 0000:fffe2000       .debug$S                   00400000     ucrtd:ucrtbased.dll
 0000:fffe2000       .debug$S                   00400000     ucrtd:ucrtbased.dll
 0000:fffe2000       .debug$S                   00400000     ucrtd:ucrtbased.dll
 0000:fffe2000       .debug$S                   00400000     ucrtd:ucrtbased.dll
 0000:fffe2000       .debug$S                   00400000     ucrtd:ucrtbased.dll
 0000:fffe2000       .debug$S                   00400000     ucrtd:ucrtbased.dll
 0000:fffe2000       .debug$S                   00400000     ucrtd:ucrtbased.dll
 0000:fffe2000       .debug$S                   00400000     ucrtd:ucrtbased.dll
 0000:fffe2000       .debug$S                   00400000     ucrtd:ucrtbased.dll
 0000:fffe2000       .debug$S                   00400000     ucrtd:ucrtbased.dll
 0000:fffe2000       .debug$S                   00400000     ucrtd:ucrtbased.dll
 0000:fffe2000       .debug$S                   00400000     ucrtd:ucrtbased.dll
 0000:fffe2000       .debug$S                   00400000     ucrtd:ucrtbased.dll
 0000:fffe2000       .debug$S                   00400000     ucrtd:ucrtbased.dll
 0000:fffe2000       .debug$S                   00400000     ucrtd:ucrtbased.dll
 0000:fffe2000       .debug$S                   00400000     ucrtd:ucrtbased.dll
 0000:fffe2000       .debug$S                   00400000     ucrtd:ucrtbased.dll
 0000:fffe2000       .debug$S                   00400000     ucrtd:ucrtbased.dll
 0000:fffe2000       .debug$S                   00400000     ucrtd:ucrtbased.dll
 0000:fffe2000       .debug$S                   00400000     ucrtd:ucrtbased.dll
 0000:fffe2000       .debug$S                   00400000     ucrtd:ucrtbased.dll
 0000:fffe2000       .debug$S                   00400000     ucrtd:ucrtbased.dll
 0000:fffe2000       .debug$S                   00400000     ucrtd:ucrtbased.dll
 0000:fffe2000       .debug$S                   00400000     ucrtd:ucrtbased.dll
 0000:fffe2000       .debug$S                   00400000     ucrtd:ucrtbased.dll
 0000:fffe2000       .debug$S                   00400000     kernel32:KERNEL32.dll
 0000:fffe2000       .debug$S                   00400000     kernel32:KERNEL32.dll
 0000:fffe2000       .debug$S                   00400000     kernel32:KERNEL32.dll
 0000:fffe2000       .debug$S                   00400000     kernel32:KERNEL32.dll
 0000:fffe2000       .debug$S                   00400000     kernel32:KERNEL32.dll
 0000:fffe2000       .debug$S                   00400000     kernel32:KERNEL32.dll
 0000:fffe2000       .debug$S                   00400000     kernel32:KERNEL32.dll
 0000:fffe2000       .debug$S                   00400000     kernel32:KERNEL32.dll
 0000:fffe2000       .debug$S                   00400000     kernel32:KERNEL32.dll
 0000:fffe2000       .debug$S                   00400000     kernel32:KERNEL32.dll
 0000:fffe2000       .debug$S                   00400000     kernel32:KERNEL32.dll
 0000:fffe2000       .debug$S                   00400000     kernel32:KERNEL32.dll
 0000:fffe2000       .debug$S                   00400000     kernel32:KERNEL32.dll
 0000:fffe2000       .debug$S                   00400000     kernel32:KERNEL32.dll
 0000:fffe2000       .debug$S                   00400000     kernel32:KERNEL32.dll
 0000:fffe2000       .debug$S                   00400000     kernel32:KERNEL32.dll
 0000:fffe2000       .debug$S                   00400000     kernel32:KERNEL32.dll
 0000:fffe2000       .debug$S                   00400000     kernel32:KERNEL32.dll
 0000:fffe2000       .debug$S                   00400000     kernel32:KERNEL32.dll
 0000:fffe2000       .debug$S                   00400000     kernel32:KERNEL32.dll
 0000:fffe2000       .debug$S                   00400000     kernel32:KERNEL32.dll
 0000:fffe2000       .debug$S                   00400000     kernel32:KERNEL32.dll
 0000:fffe2000       .debug$S                   00400000     kernel32:KERNEL32.dll
 0000:fffe2000       .debug$S                   00400000     user32:USER32.dll
 0000:fffe2000       .debug$S                   00400000     user32:USER32.dll
 0000:fffe2000       .debug$S                   00400000     user32:USER32.dll
 0000:fffe2000       .debug$S                   00400000     user32:USER32.dll
 0000:fffe2000       .debug$S                   00400000     user32:USER32.dll
 0000:fffe2000       .debug$S                   00400000     user32:USER32.dll
 0000:fffe2000       .debug$S                   00400000     user32:USER32.dll
 0000:fffe4004       __guard_fids__             00400004     MSVCRTD:exe_winmain.obj
 0000:fffe4008       __guard_fids__             00400008     MSVCRTD:exe_winmain.obj
 0002:00000d20       $$000000                   00411d20     io.obj
 0002:000015f0       ?pre_c_initialization@@YAHXZ 004125f0 f   MSVCRTD:exe_winmain.obj
 0002:000016d0       ?post_pgo_initialization@@YAHXZ 004126d0 f   MSVCRTD:exe_winmain.obj
 0002:000016e0       ?pre_cpp_initialization@@YAXXZ 004126e0 f   MSVCRTD:exe_winmain.obj
 0002:00001700       ?__scrt_common_main@@YAHXZ 00412700 f   MSVCRTD:exe_winmain.obj
 0002:00001720       ?__scrt_common_main_seh@@YAHXZ 00412720 f   MSVCRTD:exe_winmain.obj
 0002:000019f0       ?invoke_main@@YAHXZ        004129f0 f   MSVCRTD:exe_winmain.obj
 0002:00001aa0       ?DebuggerProbe@@YA_NK@Z    00412aa0 f   MSVCRTD:error.obj
 0002:00001af0       ?DebuggerRuntime@@YA_NKHPAXPB_W@Z 00412af0 f   MSVCRTD:error.obj
 0002:00001dc0       ?_getMemBlockDataString@@YAXPAD0PBDI@Z 00412dc0 f   MSVCRTD:error.obj
 0002:00001e50       ?_strlen_priv@@YAIPBD@Z    00412e50 f   MSVCRTD:error.obj
 0002:00001e70       ?failwithmessage@@YAXPAXHHPBD@Z 00412e70 f   MSVCRTD:error.obj
 0002:000020f0       ?notify_debugger@@YAXABUtagEXCEPTION_VISUALCPP_DEBUG_INFO@@@Z 004130f0 f   MSVCRTD:error.obj
 0002:000023d0       ?find_pe_section@@YAPAU_IMAGE_SECTION_HEADER@@QAEI@Z 004133d0 f   MSVCRTD:utility.obj
 0002:00002480       ?is_potentially_valid_image_base@@YA_NQAX@Z 00413480 f   MSVCRTD:utility.obj
 0002:00002b90       ___get_entropy             00413b90 f   MSVCRTD:gs_support.obj
 0002:000033e0       ___castguard_compat_check  004143e0 f   MSVCRTD:guard_support.obj
 0002:00003540       ___castguard_slow_path_compat_check 00414540 f   MSVCRTD:guard_support.obj
 0002:000035d0       ?GetPdbDll@@YAPAUHINSTANCE__@@XZ 004145d0 f   MSVCRTD:pdblkup.obj
 0002:00003760       ?GetPdbDllFromInstallPath@@YAPAUHINSTANCE__@@XZ 00414760 f   MSVCRTD:pdblkup.obj
 0002:00003a50       ?GetPdbDllPathFromFilePath@@YAHPB_WPA_WI@Z 00414a50 f   MSVCRTD:pdblkup.obj
 0002:000047c0       $$000000                   004157c0     IOExample.obj
 0003:00000104       ?pre_cpp_initializer@@3P6AXXZA 00417104     MSVCRTD:exe_winmain.obj
 0003:00000410       ?pre_c_initializer@@3P6AHXZA 00417410     MSVCRTD:exe_winmain.obj
 0003:00000514       ?post_pgo_initializer@@3P6AHXZA 00417514     MSVCRTD:exe_winmain.obj
 0003:00000b54       _GS_ExceptionPointers      00417b54     MSVCRTD:gs_report.obj
 0003:00000b60       ?_RTC_ErrorMessages@@3QBQBDB 00417b60     MSVCRTD:error.obj
 0003:00000b78       ?_RTC_NoFalsePositives@@3QBHB 00417b78     MSVCRTD:error.obj
 0003:00000b90       ?stack_premsg@@3QBDB       00417b90     MSVCRTD:error.obj
 0003:00000bac       ?stack_postmsg@@3QBDB      00417bac     MSVCRTD:error.obj
 0003:00000bc0       ?uninit_premsg@@3QBDB      00417bc0     MSVCRTD:error.obj
 0003:00000bd0       ?uninit_postmsg@@3QBDB     00417bd0     MSVCRTD:error.obj
 0003:00001220       ?_RTC_errlist@@3QBQBDB     00418220     MSVCRTD:userapi.obj
 0003:00001304       ?mspdbName@@3QB_WB         00418304     MSVCRTD:pdblkup.obj
 0003:00001328       ?debugCrtFileName@@3QB_WB  00418328     MSVCRTD:pdblkup.obj
 0003:000014b8       ?dllExt@?1??GetPdbDllPathFromFilePath@@YAHPB_WPA_WI@Z@4QB_WB 004184b8     MSVCRTD:pdblkup.obj
 0003:000014c4       ?mspdbFilename@?1??GetPdbDllPathFromFilePath@@YAHPB_WPA_WI@Z@4QB_WB 004184c4     MSVCRTD:pdblkup.obj
 0003:00001c28       __RTC_InitBase.rtc$IMZ     00418c28     framework.obj
 0003:00001f34       __RTC_Shutdown.rtc$TMZ     00418f34     framework.obj
 0003:00002140       __sehtable$?__scrt_common_main_seh@@YAHXZ 00419140     MSVCRTD:exe_winmain.obj
 0003:00002160       __sehtable$?notify_debugger@@YAXABUtagEXCEPTION_VISUALCPP_DEBUG_INFO@@@Z 00419160     MSVCRTD:error.obj
 0003:00002180       __sehtable$___scrt_is_nonwritable_in_current_image 00419180     MSVCRTD:utility.obj
 0004:00000000       prompt                     0041a000     IOExample.obj
 0004:00000013       string                     0041a013     IOExample.obj
 0004:0000003b       sum                        0041a03b     IOExample.obj
 0004:0000003f       resultLbl                  0041a03f     IOExample.obj
 0004:0000005b       weightLoss                 0041a05b     IOExample.obj
 0004:00000067       resultLb2                  0041a067     IOExample.obj
 0004:00000084       weightLoss2                0041a084     IOExample.obj
 0004:00000090       resultLb3                  0041a090     IOExample.obj
 0004:000000ac       weightLoss3                0041a0ac     IOExample.obj
 0004:000000b8       resultLb4                  0041a0b8     IOExample.obj
 0004:000000d5       weightLoss4                0041a0d5     IOExample.obj
 0004:000000e1       resultLb5                  0041a0e1     IOExample.obj
 0004:000000fd       weightLoss5                0041a0fd     IOExample.obj
 0004:00000109       resultLb6                  0041a109     IOExample.obj
 0004:00000125       weightLoss6                0041a125     IOExample.obj
 0004:00000131       i                          0041a131     IOExample.obj
 0004:00000135       j                          0041a135     IOExample.obj
 0004:00000370       _buf                       0041a370     framework.obj
 0004:00000470       _inputLabel                0041a470     framework.obj
 0004:000005d8       _GS_ExceptionRecord        0041a5d8     MSVCRTD:gs_report.obj
 0004:00000628       _GS_ContextRecord          0041a628     MSVCRTD:gs_report.obj
 0004:00000993       ?init@?1??_RTC_InitBase@@9@4_NA 0041a993     MSVCRTD:init.obj
 0004:000009a4       ?_RTC_ErrorReportFunc@@3P6AHHPBDH00ZZA 0041a9a4     MSVCRTD:userapi.obj
 0004:000009a8       ?_RTC_ErrorReportFuncW@@3P6AHHPB_WH00ZZA 0041a9a8     MSVCRTD:userapi.obj
 0004:000009b8       ?is_initialized_as_dll@@3_NA 0041a9b8     MSVCRTD:utility.obj
 0004:000009b9       ?module_local_atexit_table_initialized@@3_NA 0041a9b9     MSVCRTD:utility.obj
 0004:000009bc       ?module_local_atexit_table@@3U_onexit_table_t@@A 0041a9bc     MSVCRTD:utility.obj
 0004:000009c8       ?module_local_at_quick_exit_table@@3U_onexit_table_t@@A 0041a9c8     MSVCRTD:utility.obj
 0004:00000a04       ?mspdb@@3PAUHINSTANCE__@@A 0041aa04     MSVCRTD:pdblkup.obj
 0004:00000a08       ?alreadyTried@?1??GetPdbDll@@YAPAUHINSTANCE__@@XZ@4_NA 0041aa08     MSVCRTD:pdblkup.obj
 0004:00000a09       ?PDBOK@?1??_RTC_GetSrcLine@@YAHPAEPA_WKPAH1K@Z@4_NA 0041aa09     MSVCRTD:pdblkup.obj
 0005:000004da       .idata$6                   0041b4da     user32:USER32.dll
 0005:000005ac       .idata$6                   0041b5ac     vcruntimed:VCRUNTIME140D.dll
 0005:00000832       .idata$6                   0041b832     ucrtd:ucrtbased.dll
 0005:00000a16       .idata$6                   0041ba16     kernel32:KERNEL32.dll
 0007:000001c0       $R000000                   0041d1c0     framework.res
 0007:00000268       $R0000A8                   0041d268     framework.res
